error one
error two
error tree
